// Jest Snapshot v1, https://goo.gl/fbAQLP

exports[`App renders 1`] = `
[
  <header
    aria-labelledby="header"
    className="py-8 sm:py-12 flex flex-row items-start justify-between gap-5"
  >
    <h1
      className="font-display text-4xl sm:text-5xl font-bold subpixel-antialiased text-black dark:text-white"
      id="header"
    >
      Delivery fee calculator
    </h1>
    <div
      className="flex gap-3"
    >
      <button
        aria-label="Set light theme"
        className="rounded-full p-2 text-black dark:text-white hover:bg-primary-300/90 hover:text-white active:bg-primary-300/80 disabled:bg-primary-300/60 disabled:text-white/40 disabled:cursor-not-allowed focus-visible:ring-4 focus-visible:ring-focus focus:outline-none focus-visible:outline-none bg-primary-300 text-white"
        data-test-id="light-theme-button"
        id="light-theme-button"
        onClick={[Function]}
        type="button"
      >
        <svg
          aria-hidden="true"
          fill="none"
          height="24"
          stroke="currentColor"
          strokeLinecap="round"
          strokeLinejoin="round"
          strokeWidth="2"
          viewBox="0 0 24 24"
          width="24"
          xmlns="http://www.w3.org/2000/svg"
        >
          <circle
            cx="12"
            cy="12"
            r="4"
          />
          <path
            d="M12 2v2"
          />
          <path
            d="M12 20v2"
          />
          <path
            d="m4.93 4.93 1.41 1.41"
          />
          <path
            d="m17.66 17.66 1.41 1.41"
          />
          <path
            d="M2 12h2"
          />
          <path
            d="M20 12h2"
          />
          <path
            d="m6.34 17.66-1.41 1.41"
          />
          <path
            d="m19.07 4.93-1.41 1.41"
          />
        </svg>
      </button>
      <button
        aria-label="Set dark theme"
        className="rounded-full p-2 text-black dark:text-white hover:bg-primary-300/90 hover:text-white active:bg-primary-300/80 disabled:bg-primary-300/60 disabled:text-white/40 disabled:cursor-not-allowed focus-visible:ring-4 focus-visible:ring-focus focus:outline-none focus-visible:outline-none"
        data-test-id="dark-theme-button"
        id="dark-theme-button"
        onClick={[Function]}
        type="button"
      >
        <svg
          aria-hidden="true"
          fill="none"
          height="24"
          stroke="currentColor"
          strokeLinecap="round"
          strokeLinejoin="round"
          strokeWidth="2"
          viewBox="0 0 24 24"
          width="24"
          xmlns="http://www.w3.org/2000/svg"
        >
          <path
            d="M12 3a6 6 0 0 0 9 9 9 9 0 1 1-9-9Z"
          />
        </svg>
      </button>
    </div>
  </header>,
  <main
    aria-label="Main content"
    className="flex flex-col gap-6"
  >
    <div
      className="flex flex-row gap-3 items-center"
    >
      <svg
        aria-hidden="true"
        className="text-primary-300"
        fill="none"
        height="24"
        stroke="currentColor"
        strokeLinecap="round"
        strokeLinejoin="round"
        strokeWidth="2"
        viewBox="0 0 24 24"
        width="24"
        xmlns="http://www.w3.org/2000/svg"
      >
        <path
          d="M3.85 8.62a4 4 0 0 1 4.78-4.77 4 4 0 0 1 6.74 0 4 4 0 0 1 4.78 4.78 4 4 0 0 1 0 6.74 4 4 0 0 1-4.77 4.78 4 4 0 0 1-6.75 0 4 4 0 0 1-4.78-4.77 4 4 0 0 1 0-6.76Z"
        />
        <line
          x1="12"
          x2="12"
          y1="16"
          y2="12"
        />
        <line
          x1="12"
          x2="12.01"
          y1="8"
          y2="8"
        />
      </svg>
      <p
        className="text-lg text-black dark:text-white"
        id="orderFeeFormDescription"
      >
        Order fee calculation form
      </p>
    </div>
    <form
      aria-labelledby="orderFeeFormDescription"
      className="flex flex-col gap-4 sm:gap-6"
      onSubmit={[Function]}
    >
      <div
        className="group flex flex-col gap-1"
      >
        <div
          className="relative items-center inline-block peer order-2 w-full"
          data-focused={false}
          data-invalid={false}
        >
          <input
            aria-disabled={false}
            aria-errormessage="cartValueInputErrorMessage"
            aria-invalid={false}
            aria-label="Cart value in euros"
            aria-required={true}
            autoFocus={false}
            className="[appearance:textfield] [&::-webkit-outer-spin-button]:appearance-none [&::-webkit-inner-spin-button]:appearance-none rounded-xl border-2 bg-transparent border-neutral-light-100 placeholder:text-neutral-light-300 px-3 py-2.5 text-xl text-black leading-none  dark:border-neutral-dark-100 dark:placeholder:text-neutral-dark-300 dark:text-white group-hover:data-[invalid=false]:border-primary-300 data-[invalid=true]:placeholder:text-error data-[invalid=true]:dark:placeholder:text-error data-[invalid=true]:border-error data-[invalid=true]:dark:border-error focus:data-[invalid=true]:border-primary-300 focus:data-[invalid=true]:dark:border-primary-300 focus:outline-none focus:ring-1 focus:ring-primary-300 focus:border-primary-300 focus:dark:border-primary-300 pl-10 w-full peer"
            data-invalid={false}
            data-test-id="cartValue"
            disabled={false}
            id="cartValue"
            min={1}
            name="cartValueInput"
            onBlur={[Function]}
            onChange={[Function]}
            onFocus={[Function]}
            placeholder="Cart value in euros..."
            readOnly={false}
            required={true}
            type="text"
            value=""
          />
          <div
            className="absolute left-2 top-0 h-full flex items-center text-neutral-light-300 dark:text-neutral-dark-300 peer-data-[invalid=true]:text-error peer-focus:text-primary-300"
          >
            <svg
              aria-hidden="true"
              className="text-inherit"
              fill="none"
              height="24"
              stroke="currentColor"
              strokeLinecap="round"
              strokeLinejoin="round"
              strokeWidth="2"
              viewBox="0 0 24 24"
              width="24"
              xmlns="http://www.w3.org/2000/svg"
            >
              <path
                d="M4 10h12"
              />
              <path
                d="M4 14h9"
              />
              <path
                d="M19 6a7.7 7.7 0 0 0-5.2-2A7.9 7.9 0 0 0 6 12c0 4.4 3.5 8 7.8 8 2 0 3.8-.8 5.2-2"
              />
            </svg>
          </div>
        </div>
        <label
          className="text-neutral-light-300 dark:text-neutral-dark-300 text-sm font-semibold order-1 peer-focus:text-primary-300 peer-data-[invalid=true]:text-error peer-data-[focused=true]:peer-data-[invalid=false]:text-primary-300"
          htmlFor="cartValue"
        >
          Cart value, â‚¬
        </label>
      </div>
      <div
        className="group flex flex-col gap-1"
      >
        <div
          className="relative items-center inline-block peer order-2 w-full"
          data-focused={false}
          data-invalid={false}
        >
          <input
            aria-disabled={false}
            aria-errormessage="deliveryDistanceInputErrorMessage"
            aria-invalid={false}
            aria-label="Delivery distance in meters"
            aria-required={true}
            autoFocus={false}
            className="[appearance:textfield] [&::-webkit-outer-spin-button]:appearance-none [&::-webkit-inner-spin-button]:appearance-none rounded-xl border-2 bg-transparent border-neutral-light-100 placeholder:text-neutral-light-300 px-3 py-2.5 text-xl text-black leading-none  dark:border-neutral-dark-100 dark:placeholder:text-neutral-dark-300 dark:text-white group-hover:data-[invalid=false]:border-primary-300 data-[invalid=true]:placeholder:text-error data-[invalid=true]:dark:placeholder:text-error data-[invalid=true]:border-error data-[invalid=true]:dark:border-error focus:data-[invalid=true]:border-primary-300 focus:data-[invalid=true]:dark:border-primary-300 focus:outline-none focus:ring-1 focus:ring-primary-300 focus:border-primary-300 focus:dark:border-primary-300 pl-10 w-full peer"
            data-invalid={false}
            data-test-id="deliveryDistance"
            disabled={false}
            id="deliveryDistance"
            min={0}
            name="deliveryDistanceInput"
            onBlur={[Function]}
            onChange={[Function]}
            onFocus={[Function]}
            placeholder="Delivery distance in meters..."
            readOnly={false}
            required={true}
            type="text"
            value=""
          />
          <div
            className="absolute left-2 top-0 h-full flex items-center text-neutral-light-300 dark:text-neutral-dark-300 peer-data-[invalid=true]:text-error peer-focus:text-primary-300"
          >
            <svg
              aria-hidden="true"
              className="text-inherit"
              fill="none"
              height="24"
              stroke="currentColor"
              strokeLinecap="round"
              strokeLinejoin="round"
              strokeWidth="2"
              viewBox="0 0 24 24"
              width="24"
              xmlns="http://www.w3.org/2000/svg"
            >
              <path
                d="M20 10c0 6-8 12-8 12s-8-6-8-12a8 8 0 0 1 16 0Z"
              />
              <circle
                cx="12"
                cy="10"
                r="3"
              />
            </svg>
          </div>
        </div>
        <label
          className="text-neutral-light-300 dark:text-neutral-dark-300 text-sm font-semibold order-1 peer-focus:text-primary-300 peer-data-[invalid=true]:text-error peer-data-[focused=true]:peer-data-[invalid=false]:text-primary-300"
          htmlFor="deliveryDistance"
        >
          Delivery distance, m
        </label>
      </div>
      <div
        className="group flex flex-col gap-1"
      >
        <input
          aria-disabled={false}
          aria-errormessage="deliveryItemsAmountInputErrorMessage"
          aria-invalid={false}
          aria-label="Amount of items in cart"
          aria-required={true}
          autoFocus={false}
          className="[appearance:textfield] [&::-webkit-outer-spin-button]:appearance-none [&::-webkit-inner-spin-button]:appearance-none rounded-xl border-2 bg-transparent border-neutral-light-100 placeholder:text-neutral-light-300 px-3 py-2.5 text-xl text-black leading-none  dark:border-neutral-dark-100 dark:placeholder:text-neutral-dark-300 dark:text-white group-hover:data-[invalid=false]:border-primary-300 data-[invalid=true]:placeholder:text-error data-[invalid=true]:dark:placeholder:text-error data-[invalid=true]:border-error data-[invalid=true]:dark:border-error focus:data-[invalid=true]:border-primary-300 focus:data-[invalid=true]:dark:border-primary-300 focus:outline-none focus:ring-1 focus:ring-primary-300 focus:border-primary-300 focus:dark:border-primary-300 peer order-2 w-full"
          data-invalid={false}
          data-test-id="numberOfItems"
          disabled={false}
          id="numberOfItems"
          min={1}
          name="deliveryItemsAmountInput"
          onBlur={[Function]}
          onChange={[Function]}
          placeholder="Number of items..."
          readOnly={false}
          required={true}
          type="text"
          value=""
        />
        <label
          className="text-neutral-light-300 dark:text-neutral-dark-300 text-sm font-semibold order-1 peer-focus:text-primary-300 peer-data-[invalid=true]:text-error peer-data-[focused=true]:peer-data-[invalid=false]:text-primary-300"
          htmlFor="numberOfItems"
        >
          Amount of items
        </label>
      </div>
      <div
        className="group flex flex-col gap-1"
      >
        <div
          className="w-full relative peer order-2"
          data-focused={false}
          data-invalid={false}
        >
          <div
            className="flex items-stretch gap-2"
          >
            <div
              className="relative items-center inline-block w-full"
              data-focused={false}
            >
              <input
                aria-disabled={false}
                aria-errormessage="deliveryOrderDateTimeInputErrorMessage"
                aria-invalid={false}
                aria-label="Order time"
                aria-required={true}
                autoFocus={false}
                className="[appearance:textfield] [&::-webkit-outer-spin-button]:appearance-none [&::-webkit-inner-spin-button]:appearance-none rounded-xl border-2 bg-transparent border-neutral-light-100 placeholder:text-neutral-light-300 px-3 py-2.5 text-xl text-black leading-none  dark:border-neutral-dark-100 dark:placeholder:text-neutral-dark-300 dark:text-white group-hover:data-[invalid=false]:border-primary-300 data-[invalid=true]:placeholder:text-error data-[invalid=true]:dark:placeholder:text-error data-[invalid=true]:border-error data-[invalid=true]:dark:border-error focus:data-[invalid=true]:border-primary-300 focus:data-[invalid=true]:dark:border-primary-300 focus:outline-none focus:ring-1 focus:ring-primary-300 focus:border-primary-300 focus:dark:border-primary-300 pl-10 w-full peer"
                data-invalid={false}
                data-test-id="orderTime"
                disabled={false}
                id="orderTime"
                name="deliveryOrderDateTimeInput"
                onBlur={[Function]}
                onChange={[Function]}
                onFocus={[Function]}
                placeholder="Date and time... (hh.mm.yyyy HH:MM)"
                readOnly={false}
                required={true}
                type="text"
                value="01.01.2024 03:00"
              />
              <div
                className="absolute left-2 top-0 h-full flex items-center text-neutral-light-300 dark:text-neutral-dark-300 peer-data-[invalid=true]:text-error peer-focus:text-primary-300"
              >
                <svg
                  aria-hidden="true"
                  className="text-inherit"
                  fill="none"
                  height="24"
                  stroke="currentColor"
                  strokeLinecap="round"
                  strokeLinejoin="round"
                  strokeWidth="2"
                  viewBox="0 0 24 24"
                  width="24"
                  xmlns="http://www.w3.org/2000/svg"
                >
                  <path
                    d="M21 7.5V6a2 2 0 0 0-2-2H5a2 2 0 0 0-2 2v14a2 2 0 0 0 2 2h3.5"
                  />
                  <path
                    d="M16 2v4"
                  />
                  <path
                    d="M8 2v4"
                  />
                  <path
                    d="M3 10h5"
                  />
                  <path
                    d="M17.5 17.5 16 16.25V14"
                  />
                  <path
                    d="M22 16a6 6 0 1 1-12 0 6 6 0 0 1 12 0Z"
                  />
                </svg>
              </div>
            </div>
            <button
              aria-label="Open datepicker modal"
              className="bg-primary-100 text-lg font-bold rounded-xl hover:bg-primary-300/20 active:bg-primary-300/50 disabled:bg-neutral-light-100 disabled:dark:bg-neutral-dark-100 disabled:text-white/40 disabled:cursor-not-allowed focus-visible:ring-4 focus-visible:ring-focus focus:outline-none focus-visible:outline-none aspect-square flex justify-center items-center text-primary-300 px-3.5"
              data-test-id="openDatePickerButton"
              disabled={false}
              id="openDatePickerButton"
              onClick={[Function]}
              type="button"
            >
              <svg
                aria-hidden="true"
                className="w-6 h-6 text-inherit"
                fill="none"
                height="24"
                stroke="currentColor"
                strokeLinecap="round"
                strokeLinejoin="round"
                strokeWidth="2"
                viewBox="0 0 24 24"
                width="24"
                xmlns="http://www.w3.org/2000/svg"
              >
                <path
                  d="M8 2v4"
                />
                <path
                  d="M16 2v4"
                />
                <rect
                  height="18"
                  rx="2"
                  width="18"
                  x="3"
                  y="4"
                />
                <path
                  d="M3 10h18"
                />
                <path
                  d="M10 16h4"
                />
                <path
                  d="M12 14v4"
                />
              </svg>
            </button>
          </div>
        </div>
        <label
          className="text-neutral-light-300 dark:text-neutral-dark-300 text-sm font-semibold order-1 peer-focus:text-primary-300 peer-data-[invalid=true]:text-error peer-data-[focused=true]:peer-data-[invalid=false]:text-primary-300"
          htmlFor="orderTime"
        >
          Order time
        </label>
      </div>
      <button
        aria-label="Calculate delivery price"
        className="bg-primary-300 text-white text-lg font-bold py-3 rounded-xl hover:bg-primary-300/90 active:bg-primary-300/80 disabled:bg-neutral-400 disabled:dark:bg-neutral-700 disabled:text-white/60 disabled:cursor-not-allowed focus-visible:ring-4 focus-visible:ring-focus focus:outline-none focus-visible:outline-none mt-4 w-full"
        data-test-id="submitCalculateDeliveryPrice"
        disabled={true}
        id="submitCalculateDeliveryPrice"
        type="submit"
      >
        Calculate delivery price
      </button>
    </form>
  </main>,
]
`;
