// Jest Snapshot v1, https://goo.gl/fbAQLP

exports[`MapPinIcon when asked to render renders 1`] = `
<svg
  fill="none"
  height="24"
  stroke="currentColor"
  strokeLinecap="round"
  strokeLinejoin="round"
  strokeWidth="2"
  viewBox="0 0 24 24"
  width="24"
  xmlns="http://www.w3.org/2000/svg"
>
  <path
    d="M20 10c0 6-8 12-8 12s-8-6-8-12a8 8 0 0 1 16 0Z"
  />
  <circle
    cx="12"
    cy="10"
    r="3"
  />
</svg>
`;

exports[`MapPinIcon when asked to render with additional class renders with additional class 1`] = `
<svg
  className="some-class"
  fill="none"
  height="24"
  stroke="currentColor"
  strokeLinecap="round"
  strokeLinejoin="round"
  strokeWidth="2"
  viewBox="0 0 24 24"
  width="24"
  xmlns="http://www.w3.org/2000/svg"
>
  <path
    d="M20 10c0 6-8 12-8 12s-8-6-8-12a8 8 0 0 1 16 0Z"
  />
  <circle
    cx="12"
    cy="10"
    r="3"
  />
</svg>
`;
